---
source: src/rpm/index.rs
expression: get_primary_index(packages.clone())
---
<?xml version="1.0" encoding="UTF-8"?>
<metadata xmlns="http://linux.duke.edu/metadata/common" xmlns:rpm="http://linux.duke.edu/metadata/rpm" packages="1">

<package type="rpm">
  <name>openbangla-keyboard</name>
  <arch>x86_64</arch>
  <version epoch="0" ver="2.0.0" rel="1.fc38"/>
  <checksum type="sha256" pkgid="YES">4ea19432c75d1b7ddc6dc2adbb10301fea142913834decd0455e1249cbaf3c14</checksum>
  <summary>OpenSource Bengali input method</summary>
  <description>OpenBangla Keyboard is an OpenSource, Unicode compliant Bengali Input Method for GNU/Linux systems. It&#x27;s a full fledged Bengali input method with typing automation tools, includes many famous typing methods such as Avro Phonetic, Probhat, Munir Optima, National (Jatiya) etc.

Most of the features of Avro Keyboard are present in OpenBangla Keyboard. So Avro Keyboard users will feel at home with OpenBangla Keyboard in Linux.</description>
  <packager></packager>
  <url>https://openbangla.github.io/</url>
  <time file="0" build="1684606381"/>
  <size package="4615096" installed="12106690" archive="12112024"/>
  <location href="package/2.0.0/OpenBangla-Keyboard_2.0.0-fedora38.rpm"/>
  <format>
    <rpm:license>GPLv3</rpm:license>
    <rpm:vendor>OpenBangla Team</rpm:vendor>
    <rpm:group>unknown</rpm:group>
    <rpm:buildhost>3aebfc71f602</rpm:buildhost>
    <rpm:sourcerpm>openbangla-keyboard-2.0.0-1.fc38.src.rpm</rpm:sourcerpm>
    <rpm:header-range start="4504" end="14821"/>
    <rpm:provides>
    
      
      <rpm:entry name="application()"/>
      
    
      
      <rpm:entry name="application(openbangla-keyboard.desktop)"/>
      
    
      
      <rpm:entry name="config(openbangla-keyboard)" flags="EQ" epoch="0" ver="2.0.0-1.fc38" rel="1.fc38"/>
      
    
      
      <rpm:entry name="metainfo()"/>
      
    
      
      <rpm:entry name="metainfo(io.github.openbangla.keyboard.metainfo.xml)"/>
      
    
      
      <rpm:entry name="openbangla-keyboard" flags="EQ" epoch="0" ver="2.0.0-1.fc38" rel="1.fc38"/>
      
    
      
      <rpm:entry name="openbangla-keyboard(x86-64)" flags="EQ" epoch="0" ver="2.0.0-1.fc38" rel="1.fc38"/>
      
    
    </rpm:provides>
    <rpm:requires>
    
      
      <rpm:entry name="ibus" flags="GE" epoch="0" ver="1.5.1"/>
      
    
      
      <rpm:entry name="ibus-libs" flags="GE" epoch="0" ver="1.5.1"/>
      
    
      
      <rpm:entry name="ld-linux-x86-64.so.2()(64bit)"/>
      
    
      
      <rpm:entry name="ld-linux-x86-64.so.2(GLIBC_2.3)(64bit)"/>
      
    
      
      <rpm:entry name="libQt5Core.so.5()(64bit)"/>
      
    
      
      <rpm:entry name="libQt5Core.so.5(Qt_5)(64bit)"/>
      
    
      
      <rpm:entry name="libQt5Core.so.5(Qt_5.15)(64bit)"/>
      
    
      
      <rpm:entry name="libQt5Gui.so.5()(64bit)"/>
      
    
      
      <rpm:entry name="libQt5Gui.so.5(Qt_5)(64bit)"/>
      
    
      
      <rpm:entry name="libQt5Network.so.5()(64bit)"/>
      
    
      
      <rpm:entry name="libQt5Network.so.5(Qt_5)(64bit)"/>
      
    
      
      <rpm:entry name="libQt5Widgets.so.5()(64bit)"/>
      
    
      
      <rpm:entry name="libQt5Widgets.so.5(Qt_5)(64bit)"/>
      
    
      
      <rpm:entry name="libc.so.6()(64bit)"/>
      
    
      
      <rpm:entry name="libc.so.6(GLIBC_2.10)(64bit)"/>
      
    
      
      <rpm:entry name="libc.so.6(GLIBC_2.14)(64bit)"/>
      
    
      
      <rpm:entry name="libc.so.6(GLIBC_2.15)(64bit)"/>
      
    
      
      <rpm:entry name="libc.so.6(GLIBC_2.17)(64bit)"/>
      
    
      
      <rpm:entry name="libc.so.6(GLIBC_2.18)(64bit)"/>
      
    
      
      <rpm:entry name="libc.so.6(GLIBC_2.2.5)(64bit)"/>
      
    
      
      <rpm:entry name="libc.so.6(GLIBC_2.25)(64bit)"/>
      
    
      
      <rpm:entry name="libc.so.6(GLIBC_2.27)(64bit)"/>
      
    
      
      <rpm:entry name="libc.so.6(GLIBC_2.28)(64bit)"/>
      
    
      
      <rpm:entry name="libc.so.6(GLIBC_2.29)(64bit)"/>
      
    
      
      <rpm:entry name="libc.so.6(GLIBC_2.3)(64bit)"/>
      
    
      
      <rpm:entry name="libc.so.6(GLIBC_2.3.4)(64bit)"/>
      
    
      
      <rpm:entry name="libc.so.6(GLIBC_2.32)(64bit)"/>
      
    
      
      <rpm:entry name="libc.so.6(GLIBC_2.33)(64bit)"/>
      
    
      
      <rpm:entry name="libc.so.6(GLIBC_2.34)(64bit)"/>
      
    
      
      <rpm:entry name="libc.so.6(GLIBC_2.4)(64bit)"/>
      
    
      
      <rpm:entry name="libc.so.6(GLIBC_2.5)(64bit)"/>
      
    
      
      <rpm:entry name="libc.so.6(GLIBC_2.6)(64bit)"/>
      
    
      
      <rpm:entry name="libc.so.6(GLIBC_2.9)(64bit)"/>
      
    
      
      <rpm:entry name="libgcc_s.so.1()(64bit)"/>
      
    
      
      <rpm:entry name="libgcc_s.so.1(GCC_3.0)(64bit)"/>
      
    
      
      <rpm:entry name="libgcc_s.so.1(GCC_3.3)(64bit)"/>
      
    
      
      <rpm:entry name="libgcc_s.so.1(GCC_4.2.0)(64bit)"/>
      
    
      
      <rpm:entry name="libgio-2.0.so.0()(64bit)"/>
      
    
      
      <rpm:entry name="libglib-2.0.so.0()(64bit)"/>
      
    
      
      <rpm:entry name="libgobject-2.0.so.0()(64bit)"/>
      
    
      
      <rpm:entry name="libibus-1.0.so.5()(64bit)"/>
      
    
      
      <rpm:entry name="libm.so.6()(64bit)"/>
      
    
      
      <rpm:entry name="libm.so.6(GLIBC_2.2.5)(64bit)"/>
      
    
      
      <rpm:entry name="libstdc++.so.6()(64bit)"/>
      
    
      
      <rpm:entry name="libstdc++.so.6(CXXABI_1.3)(64bit)"/>
      
    
      
      <rpm:entry name="libstdc++.so.6(CXXABI_1.3.1)(64bit)"/>
      
    
      
      <rpm:entry name="libstdc++.so.6(GLIBCXX_3.4)(64bit)"/>
      
    
      
      <rpm:entry name="libstdc++.so.6(GLIBCXX_3.4.21)(64bit)"/>
      
    
      
      <rpm:entry name="libzstd" flags="GE" epoch="0" ver="1.3.3"/>
      
    
      
      <rpm:entry name="libzstd.so.1()(64bit)"/>
      
    
      
      <rpm:entry name="qt5-qtbase" flags="GE" epoch="0" ver="5.9.0"/>
      
    
      
      <rpm:entry name="rtld(GNU_HASH)"/>
      
    
    </rpm:requires>
  </format>
</package>

</metadata>
