---
source: src/rpm/package.rs
expression: parsed
---
RPMPackage {
    name: "fastfetch",
    epoch: 0,
    version: "2.40.3",
    release: "1",
    arch: "x86_64",
    vendor: Some(
        "Humanity",
    ),
    url: Some(
        "https://github.com/fastfetch-cli/fastfetch",
    ),
    license: Some(
        "MIT",
    ),
    summary: Some(
        "Fast neofetch-like system information tool",
    ),
    description: Some(
        "DESCRIPTION\n===========\n\nThis is an installer created using CPack (https://cmake.org). No additional installation instructions provided.",
    ),
    group: Some(
        "unknown",
    ),
    build_time: 1743815950,
    build_host: Some(
        "fv-az772-168.zboo4qir1psufltgxvkvdwdv1g.dx.internal.cloudapp.net",
    ),
    source: Some(
        "fastfetch-2.40.3-1.src.rpm",
    ),
    provides: [
        Dependency {
            dependency: "fastfetch",
            version: "2.40.3-1",
            condition: "EQ",
        },
        Dependency {
            dependency: "fastfetch(x86-64)",
            version: "2.40.3-1",
            condition: "EQ",
        },
    ],
    requires: [
        Dependency {
            dependency: "libc.so.6()(64bit)",
            version: "",
            condition: "",
        },
        Dependency {
            dependency: "libc.so.6(GLIBC_2.14)(64bit)",
            version: "",
            condition: "",
        },
        Dependency {
            dependency: "libc.so.6(GLIBC_2.17)(64bit)",
            version: "",
            condition: "",
        },
        Dependency {
            dependency: "libc.so.6(GLIBC_2.2.5)(64bit)",
            version: "",
            condition: "",
        },
        Dependency {
            dependency: "libc.so.6(GLIBC_2.28)(64bit)",
            version: "",
            condition: "",
        },
        Dependency {
            dependency: "libc.so.6(GLIBC_2.3)(64bit)",
            version: "",
            condition: "",
        },
        Dependency {
            dependency: "libc.so.6(GLIBC_2.3.4)(64bit)",
            version: "",
            condition: "",
        },
        Dependency {
            dependency: "libc.so.6(GLIBC_2.4)(64bit)",
            version: "",
            condition: "",
        },
        Dependency {
            dependency: "libc.so.6(GLIBC_2.7)(64bit)",
            version: "",
            condition: "",
        },
        Dependency {
            dependency: "libc.so.6(GLIBC_2.8)(64bit)",
            version: "",
            condition: "",
        },
        Dependency {
            dependency: "libc.so.6(GLIBC_2.9)(64bit)",
            version: "",
            condition: "",
        },
        Dependency {
            dependency: "libdl.so.2()(64bit)",
            version: "",
            condition: "",
        },
        Dependency {
            dependency: "libdl.so.2(GLIBC_2.2.5)(64bit)",
            version: "",
            condition: "",
        },
        Dependency {
            dependency: "libm.so.6()(64bit)",
            version: "",
            condition: "",
        },
        Dependency {
            dependency: "libm.so.6(GLIBC_2.2.5)(64bit)",
            version: "",
            condition: "",
        },
        Dependency {
            dependency: "libpthread.so.0()(64bit)",
            version: "",
            condition: "",
        },
        Dependency {
            dependency: "libpthread.so.0(GLIBC_2.2.5)(64bit)",
            version: "",
            condition: "",
        },
        Dependency {
            dependency: "rtld(GNU_HASH)",
            version: "",
            condition: "",
        },
    ],
    sha256: "b86a9564343ca858c5a5a1c7942964917255882853ad844de69b2ef07e12e99d",
    header_start: 4504,
    header_end: 14604,
    files: [
        File {
            path: "/usr/bin/fastfetch",
            dir: false,
        },
        File {
            path: "/usr/bin/flashfetch",
            dir: false,
        },
        File {
            path: "/usr/lib/.build-id",
            dir: true,
        },
        File {
            path: "/usr/lib/.build-id/4a",
            dir: true,
        },
        File {
            path: "/usr/lib/.build-id/4a/fcd227636cf354c7dc146e1ad8f479dd8d023c",
            dir: false,
        },
        File {
            path: "/usr/lib/.build-id/97",
            dir: true,
        },
        File {
            path: "/usr/lib/.build-id/97/9f456f39e98ec3782d1aa6ff46cd9b2161c500",
            dir: false,
        },
        File {
            path: "/usr/share/bash-completion",
            dir: true,
        },
        File {
            path: "/usr/share/bash-completion/completions",
            dir: true,
        },
        File {
            path: "/usr/share/bash-completion/completions/fastfetch",
            dir: false,
        },
        File {
            path: "/usr/share/fastfetch",
            dir: true,
        },
        File {
            path: "/usr/share/fastfetch/presets",
            dir: true,
        },
        File {
            path: "/usr/share/fastfetch/presets/all.jsonc",
            dir: false,
        },
        File {
            path: "/usr/share/fastfetch/presets/archey.jsonc",
            dir: false,
        },
        File {
            path: "/usr/share/fastfetch/presets/ci.jsonc",
            dir: false,
        },
        File {
            path: "/usr/share/fastfetch/presets/examples",
            dir: true,
        },
        File {
            path: "/usr/share/fastfetch/presets/examples/10.jsonc",
            dir: false,
        },
        File {
            path: "/usr/share/fastfetch/presets/examples/11.jsonc",
            dir: false,
        },
        File {
            path: "/usr/share/fastfetch/presets/examples/12.jsonc",
            dir: false,
        },
        File {
            path: "/usr/share/fastfetch/presets/examples/13.jsonc",
            dir: false,
        },
        File {
            path: "/usr/share/fastfetch/presets/examples/14.jsonc",
            dir: false,
        },
        File {
            path: "/usr/share/fastfetch/presets/examples/15.jsonc",
            dir: false,
        },
        File {
            path: "/usr/share/fastfetch/presets/examples/16.jsonc",
            dir: false,
        },
        File {
            path: "/usr/share/fastfetch/presets/examples/17.jsonc",
            dir: false,
        },
        File {
            path: "/usr/share/fastfetch/presets/examples/18.jsonc",
            dir: false,
        },
        File {
            path: "/usr/share/fastfetch/presets/examples/19.jsonc",
            dir: false,
        },
        File {
            path: "/usr/share/fastfetch/presets/examples/2.jsonc",
            dir: false,
        },
        File {
            path: "/usr/share/fastfetch/presets/examples/20.jsonc",
            dir: false,
        },
        File {
            path: "/usr/share/fastfetch/presets/examples/21.jsonc",
            dir: false,
        },
        File {
            path: "/usr/share/fastfetch/presets/examples/22.jsonc",
            dir: false,
        },
        File {
            path: "/usr/share/fastfetch/presets/examples/23.jsonc",
            dir: false,
        },
        File {
            path: "/usr/share/fastfetch/presets/examples/24.jsonc",
            dir: false,
        },
        File {
            path: "/usr/share/fastfetch/presets/examples/25.jsonc",
            dir: false,
        },
        File {
            path: "/usr/share/fastfetch/presets/examples/26.jsonc",
            dir: false,
        },
        File {
            path: "/usr/share/fastfetch/presets/examples/3.jsonc",
            dir: false,
        },
        File {
            path: "/usr/share/fastfetch/presets/examples/4.jsonc",
            dir: false,
        },
        File {
            path: "/usr/share/fastfetch/presets/examples/5.jsonc",
            dir: false,
        },
        File {
            path: "/usr/share/fastfetch/presets/examples/6.jsonc",
            dir: false,
        },
        File {
            path: "/usr/share/fastfetch/presets/examples/7.jsonc",
            dir: false,
        },
        File {
            path: "/usr/share/fastfetch/presets/examples/8.jsonc",
            dir: false,
        },
        File {
            path: "/usr/share/fastfetch/presets/examples/9.jsonc",
            dir: false,
        },
        File {
            path: "/usr/share/fastfetch/presets/neofetch.jsonc",
            dir: false,
        },
        File {
            path: "/usr/share/fastfetch/presets/paleofetch.jsonc",
            dir: false,
        },
        File {
            path: "/usr/share/fastfetch/presets/screenfetch.jsonc",
            dir: false,
        },
        File {
            path: "/usr/share/fish",
            dir: true,
        },
        File {
            path: "/usr/share/fish/vendor_completions.d",
            dir: true,
        },
        File {
            path: "/usr/share/fish/vendor_completions.d/fastfetch.fish",
            dir: false,
        },
        File {
            path: "/usr/share/licenses",
            dir: true,
        },
        File {
            path: "/usr/share/licenses/fastfetch",
            dir: true,
        },
        File {
            path: "/usr/share/licenses/fastfetch/LICENSE",
            dir: false,
        },
        File {
            path: "/usr/share/man",
            dir: true,
        },
        File {
            path: "/usr/share/man/man1",
            dir: true,
        },
        File {
            path: "/usr/share/man/man1/fastfetch.1.gz",
            dir: false,
        },
        File {
            path: "/usr/share/zsh",
            dir: true,
        },
        File {
            path: "/usr/share/zsh/site-functions",
            dir: true,
        },
        File {
            path: "/usr/share/zsh/site-functions/_fastfetch",
            dir: false,
        },
    ],
    pkg_size: 14604,
    installed_size: 29484355,
    archive_size: 29493112,
    location: "package/2.40.3/fastfetch-linux-amd64.rpm",
    pkg_time: 0,
}
