---
source: src/rpm/index.rs
expression: get_filelists_index(&packages)
---
<?xml version="1.0" encoding="UTF-8"?>
<filelists xmlns="http://linux.duke.edu/metadata/filelists" packages="7">

<package pkgid="0318870bee582652669cbff9f41c21abc91eb9e98b12c8d0265a2332d4efb0cf" name="fastfetch" arch="aarch64">
  <version epoch="0" ver="2.40.3" rel="1"/>
  
  
  <file>/usr/bin/fastfetch</file>
  
  
  
  <file>/usr/bin/flashfetch</file>
  
  
  
  <file type="dir">/usr/lib/.build-id</file>
  
  
  
  <file type="dir">/usr/lib/.build-id/07</file>
  
  
  
  <file>/usr/lib/.build-id/07/5c19f2d6a7e039c4f16a543d31f78794cd2efb</file>
  
  
  
  <file type="dir">/usr/lib/.build-id/a6</file>
  
  
  
  <file>/usr/lib/.build-id/a6/a0c78bcd92cc548f854829b9d2d769d112bf68</file>
  
  
  
  <file type="dir">/usr/share/bash-completion</file>
  
  
  
  <file type="dir">/usr/share/bash-completion/completions</file>
  
  
  
  <file>/usr/share/bash-completion/completions/fastfetch</file>
  
  
  
  <file type="dir">/usr/share/fastfetch</file>
  
  
  
  <file type="dir">/usr/share/fastfetch/presets</file>
  
  
  
  <file>/usr/share/fastfetch/presets/all.jsonc</file>
  
  
  
  <file>/usr/share/fastfetch/presets/archey.jsonc</file>
  
  
  
  <file>/usr/share/fastfetch/presets/ci.jsonc</file>
  
  
  
  <file type="dir">/usr/share/fastfetch/presets/examples</file>
  
  
  
  <file>/usr/share/fastfetch/presets/examples/10.jsonc</file>
  
  
  
  <file>/usr/share/fastfetch/presets/examples/11.jsonc</file>
  
  
  
  <file>/usr/share/fastfetch/presets/examples/12.jsonc</file>
  
  
  
  <file>/usr/share/fastfetch/presets/examples/13.jsonc</file>
  
  
  
  <file>/usr/share/fastfetch/presets/examples/14.jsonc</file>
  
  
  
  <file>/usr/share/fastfetch/presets/examples/15.jsonc</file>
  
  
  
  <file>/usr/share/fastfetch/presets/examples/16.jsonc</file>
  
  
  
  <file>/usr/share/fastfetch/presets/examples/17.jsonc</file>
  
  
  
  <file>/usr/share/fastfetch/presets/examples/18.jsonc</file>
  
  
  
  <file>/usr/share/fastfetch/presets/examples/19.jsonc</file>
  
  
  
  <file>/usr/share/fastfetch/presets/examples/2.jsonc</file>
  
  
  
  <file>/usr/share/fastfetch/presets/examples/20.jsonc</file>
  
  
  
  <file>/usr/share/fastfetch/presets/examples/21.jsonc</file>
  
  
  
  <file>/usr/share/fastfetch/presets/examples/22.jsonc</file>
  
  
  
  <file>/usr/share/fastfetch/presets/examples/23.jsonc</file>
  
  
  
  <file>/usr/share/fastfetch/presets/examples/24.jsonc</file>
  
  
  
  <file>/usr/share/fastfetch/presets/examples/25.jsonc</file>
  
  
  
  <file>/usr/share/fastfetch/presets/examples/26.jsonc</file>
  
  
  
  <file>/usr/share/fastfetch/presets/examples/3.jsonc</file>
  
  
  
  <file>/usr/share/fastfetch/presets/examples/4.jsonc</file>
  
  
  
  <file>/usr/share/fastfetch/presets/examples/5.jsonc</file>
  
  
  
  <file>/usr/share/fastfetch/presets/examples/6.jsonc</file>
  
  
  
  <file>/usr/share/fastfetch/presets/examples/7.jsonc</file>
  
  
  
  <file>/usr/share/fastfetch/presets/examples/8.jsonc</file>
  
  
  
  <file>/usr/share/fastfetch/presets/examples/9.jsonc</file>
  
  
  
  <file>/usr/share/fastfetch/presets/neofetch.jsonc</file>
  
  
  
  <file>/usr/share/fastfetch/presets/paleofetch.jsonc</file>
  
  
  
  <file>/usr/share/fastfetch/presets/screenfetch.jsonc</file>
  
  
  
  <file type="dir">/usr/share/fish</file>
  
  
  
  <file type="dir">/usr/share/fish/vendor_completions.d</file>
  
  
  
  <file>/usr/share/fish/vendor_completions.d/fastfetch.fish</file>
  
  
  
  <file type="dir">/usr/share/licenses</file>
  
  
  
  <file type="dir">/usr/share/licenses/fastfetch</file>
  
  
  
  <file>/usr/share/licenses/fastfetch/LICENSE</file>
  
  
  
  <file type="dir">/usr/share/man</file>
  
  
  
  <file type="dir">/usr/share/man/man1</file>
  
  
  
  <file>/usr/share/man/man1/fastfetch.1.gz</file>
  
  
  
  <file type="dir">/usr/share/zsh</file>
  
  
  
  <file type="dir">/usr/share/zsh/site-functions</file>
  
  
  
  <file>/usr/share/zsh/site-functions/_fastfetch</file>
  
  
</package>

<package pkgid="b86a9564343ca858c5a5a1c7942964917255882853ad844de69b2ef07e12e99d" name="fastfetch" arch="x86_64">
  <version epoch="0" ver="2.40.3" rel="1"/>
  
  
  <file>/usr/bin/fastfetch</file>
  
  
  
  <file>/usr/bin/flashfetch</file>
  
  
  
  <file type="dir">/usr/lib/.build-id</file>
  
  
  
  <file type="dir">/usr/lib/.build-id/4a</file>
  
  
  
  <file>/usr/lib/.build-id/4a/fcd227636cf354c7dc146e1ad8f479dd8d023c</file>
  
  
  
  <file type="dir">/usr/lib/.build-id/97</file>
  
  
  
  <file>/usr/lib/.build-id/97/9f456f39e98ec3782d1aa6ff46cd9b2161c500</file>
  
  
  
  <file type="dir">/usr/share/bash-completion</file>
  
  
  
  <file type="dir">/usr/share/bash-completion/completions</file>
  
  
  
  <file>/usr/share/bash-completion/completions/fastfetch</file>
  
  
  
  <file type="dir">/usr/share/fastfetch</file>
  
  
  
  <file type="dir">/usr/share/fastfetch/presets</file>
  
  
  
  <file>/usr/share/fastfetch/presets/all.jsonc</file>
  
  
  
  <file>/usr/share/fastfetch/presets/archey.jsonc</file>
  
  
  
  <file>/usr/share/fastfetch/presets/ci.jsonc</file>
  
  
  
  <file type="dir">/usr/share/fastfetch/presets/examples</file>
  
  
  
  <file>/usr/share/fastfetch/presets/examples/10.jsonc</file>
  
  
  
  <file>/usr/share/fastfetch/presets/examples/11.jsonc</file>
  
  
  
  <file>/usr/share/fastfetch/presets/examples/12.jsonc</file>
  
  
  
  <file>/usr/share/fastfetch/presets/examples/13.jsonc</file>
  
  
  
  <file>/usr/share/fastfetch/presets/examples/14.jsonc</file>
  
  
  
  <file>/usr/share/fastfetch/presets/examples/15.jsonc</file>
  
  
  
  <file>/usr/share/fastfetch/presets/examples/16.jsonc</file>
  
  
  
  <file>/usr/share/fastfetch/presets/examples/17.jsonc</file>
  
  
  
  <file>/usr/share/fastfetch/presets/examples/18.jsonc</file>
  
  
  
  <file>/usr/share/fastfetch/presets/examples/19.jsonc</file>
  
  
  
  <file>/usr/share/fastfetch/presets/examples/2.jsonc</file>
  
  
  
  <file>/usr/share/fastfetch/presets/examples/20.jsonc</file>
  
  
  
  <file>/usr/share/fastfetch/presets/examples/21.jsonc</file>
  
  
  
  <file>/usr/share/fastfetch/presets/examples/22.jsonc</file>
  
  
  
  <file>/usr/share/fastfetch/presets/examples/23.jsonc</file>
  
  
  
  <file>/usr/share/fastfetch/presets/examples/24.jsonc</file>
  
  
  
  <file>/usr/share/fastfetch/presets/examples/25.jsonc</file>
  
  
  
  <file>/usr/share/fastfetch/presets/examples/26.jsonc</file>
  
  
  
  <file>/usr/share/fastfetch/presets/examples/3.jsonc</file>
  
  
  
  <file>/usr/share/fastfetch/presets/examples/4.jsonc</file>
  
  
  
  <file>/usr/share/fastfetch/presets/examples/5.jsonc</file>
  
  
  
  <file>/usr/share/fastfetch/presets/examples/6.jsonc</file>
  
  
  
  <file>/usr/share/fastfetch/presets/examples/7.jsonc</file>
  
  
  
  <file>/usr/share/fastfetch/presets/examples/8.jsonc</file>
  
  
  
  <file>/usr/share/fastfetch/presets/examples/9.jsonc</file>
  
  
  
  <file>/usr/share/fastfetch/presets/neofetch.jsonc</file>
  
  
  
  <file>/usr/share/fastfetch/presets/paleofetch.jsonc</file>
  
  
  
  <file>/usr/share/fastfetch/presets/screenfetch.jsonc</file>
  
  
  
  <file type="dir">/usr/share/fish</file>
  
  
  
  <file type="dir">/usr/share/fish/vendor_completions.d</file>
  
  
  
  <file>/usr/share/fish/vendor_completions.d/fastfetch.fish</file>
  
  
  
  <file type="dir">/usr/share/licenses</file>
  
  
  
  <file type="dir">/usr/share/licenses/fastfetch</file>
  
  
  
  <file>/usr/share/licenses/fastfetch/LICENSE</file>
  
  
  
  <file type="dir">/usr/share/man</file>
  
  
  
  <file type="dir">/usr/share/man/man1</file>
  
  
  
  <file>/usr/share/man/man1/fastfetch.1.gz</file>
  
  
  
  <file type="dir">/usr/share/zsh</file>
  
  
  
  <file type="dir">/usr/share/zsh/site-functions</file>
  
  
  
  <file>/usr/share/zsh/site-functions/_fastfetch</file>
  
  
</package>

<package pkgid="60f253a11ca3c8cfc367170ff3095298a009c974e346b1d0a76fbce150aae10e" name="fastfetch" arch="armv6l">
  <version epoch="0" ver="2.40.3" rel="1"/>
  
  
  <file>/usr/bin/fastfetch</file>
  
  
  
  <file>/usr/bin/flashfetch</file>
  
  
  
  <file type="dir">/usr/lib/.build-id</file>
  
  
  
  <file type="dir">/usr/lib/.build-id/1e</file>
  
  
  
  <file>/usr/lib/.build-id/1e/266d8d3678a5e577269a0c4658d2c8fe26ab25</file>
  
  
  
  <file type="dir">/usr/lib/.build-id/4d</file>
  
  
  
  <file>/usr/lib/.build-id/4d/dafb6d96fc9cfbd58fbf815380eeaebb645b24</file>
  
  
  
  <file type="dir">/usr/share/bash-completion</file>
  
  
  
  <file type="dir">/usr/share/bash-completion/completions</file>
  
  
  
  <file>/usr/share/bash-completion/completions/fastfetch</file>
  
  
  
  <file type="dir">/usr/share/fastfetch</file>
  
  
  
  <file type="dir">/usr/share/fastfetch/presets</file>
  
  
  
  <file>/usr/share/fastfetch/presets/all.jsonc</file>
  
  
  
  <file>/usr/share/fastfetch/presets/archey.jsonc</file>
  
  
  
  <file>/usr/share/fastfetch/presets/ci.jsonc</file>
  
  
  
  <file type="dir">/usr/share/fastfetch/presets/examples</file>
  
  
  
  <file>/usr/share/fastfetch/presets/examples/10.jsonc</file>
  
  
  
  <file>/usr/share/fastfetch/presets/examples/11.jsonc</file>
  
  
  
  <file>/usr/share/fastfetch/presets/examples/12.jsonc</file>
  
  
  
  <file>/usr/share/fastfetch/presets/examples/13.jsonc</file>
  
  
  
  <file>/usr/share/fastfetch/presets/examples/14.jsonc</file>
  
  
  
  <file>/usr/share/fastfetch/presets/examples/15.jsonc</file>
  
  
  
  <file>/usr/share/fastfetch/presets/examples/16.jsonc</file>
  
  
  
  <file>/usr/share/fastfetch/presets/examples/17.jsonc</file>
  
  
  
  <file>/usr/share/fastfetch/presets/examples/18.jsonc</file>
  
  
  
  <file>/usr/share/fastfetch/presets/examples/19.jsonc</file>
  
  
  
  <file>/usr/share/fastfetch/presets/examples/2.jsonc</file>
  
  
  
  <file>/usr/share/fastfetch/presets/examples/20.jsonc</file>
  
  
  
  <file>/usr/share/fastfetch/presets/examples/21.jsonc</file>
  
  
  
  <file>/usr/share/fastfetch/presets/examples/22.jsonc</file>
  
  
  
  <file>/usr/share/fastfetch/presets/examples/23.jsonc</file>
  
  
  
  <file>/usr/share/fastfetch/presets/examples/24.jsonc</file>
  
  
  
  <file>/usr/share/fastfetch/presets/examples/25.jsonc</file>
  
  
  
  <file>/usr/share/fastfetch/presets/examples/26.jsonc</file>
  
  
  
  <file>/usr/share/fastfetch/presets/examples/3.jsonc</file>
  
  
  
  <file>/usr/share/fastfetch/presets/examples/4.jsonc</file>
  
  
  
  <file>/usr/share/fastfetch/presets/examples/5.jsonc</file>
  
  
  
  <file>/usr/share/fastfetch/presets/examples/6.jsonc</file>
  
  
  
  <file>/usr/share/fastfetch/presets/examples/7.jsonc</file>
  
  
  
  <file>/usr/share/fastfetch/presets/examples/8.jsonc</file>
  
  
  
  <file>/usr/share/fastfetch/presets/examples/9.jsonc</file>
  
  
  
  <file>/usr/share/fastfetch/presets/neofetch.jsonc</file>
  
  
  
  <file>/usr/share/fastfetch/presets/paleofetch.jsonc</file>
  
  
  
  <file>/usr/share/fastfetch/presets/screenfetch.jsonc</file>
  
  
  
  <file type="dir">/usr/share/fish</file>
  
  
  
  <file type="dir">/usr/share/fish/vendor_completions.d</file>
  
  
  
  <file>/usr/share/fish/vendor_completions.d/fastfetch.fish</file>
  
  
  
  <file type="dir">/usr/share/licenses</file>
  
  
  
  <file type="dir">/usr/share/licenses/fastfetch</file>
  
  
  
  <file>/usr/share/licenses/fastfetch/LICENSE</file>
  
  
  
  <file type="dir">/usr/share/man</file>
  
  
  
  <file type="dir">/usr/share/man/man1</file>
  
  
  
  <file>/usr/share/man/man1/fastfetch.1</file>
  
  
  
  <file type="dir">/usr/share/zsh</file>
  
  
  
  <file type="dir">/usr/share/zsh/site-functions</file>
  
  
  
  <file>/usr/share/zsh/site-functions/_fastfetch</file>
  
  
</package>

<package pkgid="6d3b0b5ea04abe7f5c92f0908f1819ac418ad76cef9b0162edc87863bdb895dc" name="fastfetch" arch="armv7l">
  <version epoch="0" ver="2.40.3" rel="1"/>
  
  
  <file>/usr/bin/fastfetch</file>
  
  
  
  <file>/usr/bin/flashfetch</file>
  
  
  
  <file type="dir">/usr/lib/.build-id</file>
  
  
  
  <file type="dir">/usr/lib/.build-id/19</file>
  
  
  
  <file>/usr/lib/.build-id/19/a4cca1a5072f72989861c3996061d105940a3d</file>
  
  
  
  <file type="dir">/usr/lib/.build-id/da</file>
  
  
  
  <file>/usr/lib/.build-id/da/e1ab972a581ab8f24edcff238d9734d713d93c</file>
  
  
  
  <file type="dir">/usr/share/bash-completion</file>
  
  
  
  <file type="dir">/usr/share/bash-completion/completions</file>
  
  
  
  <file>/usr/share/bash-completion/completions/fastfetch</file>
  
  
  
  <file type="dir">/usr/share/fastfetch</file>
  
  
  
  <file type="dir">/usr/share/fastfetch/presets</file>
  
  
  
  <file>/usr/share/fastfetch/presets/all.jsonc</file>
  
  
  
  <file>/usr/share/fastfetch/presets/archey.jsonc</file>
  
  
  
  <file>/usr/share/fastfetch/presets/ci.jsonc</file>
  
  
  
  <file type="dir">/usr/share/fastfetch/presets/examples</file>
  
  
  
  <file>/usr/share/fastfetch/presets/examples/10.jsonc</file>
  
  
  
  <file>/usr/share/fastfetch/presets/examples/11.jsonc</file>
  
  
  
  <file>/usr/share/fastfetch/presets/examples/12.jsonc</file>
  
  
  
  <file>/usr/share/fastfetch/presets/examples/13.jsonc</file>
  
  
  
  <file>/usr/share/fastfetch/presets/examples/14.jsonc</file>
  
  
  
  <file>/usr/share/fastfetch/presets/examples/15.jsonc</file>
  
  
  
  <file>/usr/share/fastfetch/presets/examples/16.jsonc</file>
  
  
  
  <file>/usr/share/fastfetch/presets/examples/17.jsonc</file>
  
  
  
  <file>/usr/share/fastfetch/presets/examples/18.jsonc</file>
  
  
  
  <file>/usr/share/fastfetch/presets/examples/19.jsonc</file>
  
  
  
  <file>/usr/share/fastfetch/presets/examples/2.jsonc</file>
  
  
  
  <file>/usr/share/fastfetch/presets/examples/20.jsonc</file>
  
  
  
  <file>/usr/share/fastfetch/presets/examples/21.jsonc</file>
  
  
  
  <file>/usr/share/fastfetch/presets/examples/22.jsonc</file>
  
  
  
  <file>/usr/share/fastfetch/presets/examples/23.jsonc</file>
  
  
  
  <file>/usr/share/fastfetch/presets/examples/24.jsonc</file>
  
  
  
  <file>/usr/share/fastfetch/presets/examples/25.jsonc</file>
  
  
  
  <file>/usr/share/fastfetch/presets/examples/26.jsonc</file>
  
  
  
  <file>/usr/share/fastfetch/presets/examples/3.jsonc</file>
  
  
  
  <file>/usr/share/fastfetch/presets/examples/4.jsonc</file>
  
  
  
  <file>/usr/share/fastfetch/presets/examples/5.jsonc</file>
  
  
  
  <file>/usr/share/fastfetch/presets/examples/6.jsonc</file>
  
  
  
  <file>/usr/share/fastfetch/presets/examples/7.jsonc</file>
  
  
  
  <file>/usr/share/fastfetch/presets/examples/8.jsonc</file>
  
  
  
  <file>/usr/share/fastfetch/presets/examples/9.jsonc</file>
  
  
  
  <file>/usr/share/fastfetch/presets/neofetch.jsonc</file>
  
  
  
  <file>/usr/share/fastfetch/presets/paleofetch.jsonc</file>
  
  
  
  <file>/usr/share/fastfetch/presets/screenfetch.jsonc</file>
  
  
  
  <file type="dir">/usr/share/fish</file>
  
  
  
  <file type="dir">/usr/share/fish/vendor_completions.d</file>
  
  
  
  <file>/usr/share/fish/vendor_completions.d/fastfetch.fish</file>
  
  
  
  <file type="dir">/usr/share/licenses</file>
  
  
  
  <file type="dir">/usr/share/licenses/fastfetch</file>
  
  
  
  <file>/usr/share/licenses/fastfetch/LICENSE</file>
  
  
  
  <file type="dir">/usr/share/man</file>
  
  
  
  <file type="dir">/usr/share/man/man1</file>
  
  
  
  <file>/usr/share/man/man1/fastfetch.1</file>
  
  
  
  <file type="dir">/usr/share/zsh</file>
  
  
  
  <file type="dir">/usr/share/zsh/site-functions</file>
  
  
  
  <file>/usr/share/zsh/site-functions/_fastfetch</file>
  
  
</package>

<package pkgid="fd34074b0d87d03c7a0e8d606d0d6bac73b693e8db3b1d572ab86eb04ba3bcfc" name="fastfetch" arch="ppc64le">
  <version epoch="0" ver="2.40.3" rel="1"/>
  
  
  <file>/usr/bin/fastfetch</file>
  
  
  
  <file>/usr/bin/flashfetch</file>
  
  
  
  <file type="dir">/usr/lib/.build-id</file>
  
  
  
  <file type="dir">/usr/lib/.build-id/27</file>
  
  
  
  <file>/usr/lib/.build-id/27/88b7956d83c731188d820861bbaa0f20ef2e41</file>
  
  
  
  <file type="dir">/usr/lib/.build-id/fb</file>
  
  
  
  <file>/usr/lib/.build-id/fb/db85bf8daa5d12298fd8bd62b7a692c99c02fe</file>
  
  
  
  <file type="dir">/usr/share/bash-completion</file>
  
  
  
  <file type="dir">/usr/share/bash-completion/completions</file>
  
  
  
  <file>/usr/share/bash-completion/completions/fastfetch</file>
  
  
  
  <file type="dir">/usr/share/fastfetch</file>
  
  
  
  <file type="dir">/usr/share/fastfetch/presets</file>
  
  
  
  <file>/usr/share/fastfetch/presets/all.jsonc</file>
  
  
  
  <file>/usr/share/fastfetch/presets/archey.jsonc</file>
  
  
  
  <file>/usr/share/fastfetch/presets/ci.jsonc</file>
  
  
  
  <file type="dir">/usr/share/fastfetch/presets/examples</file>
  
  
  
  <file>/usr/share/fastfetch/presets/examples/10.jsonc</file>
  
  
  
  <file>/usr/share/fastfetch/presets/examples/11.jsonc</file>
  
  
  
  <file>/usr/share/fastfetch/presets/examples/12.jsonc</file>
  
  
  
  <file>/usr/share/fastfetch/presets/examples/13.jsonc</file>
  
  
  
  <file>/usr/share/fastfetch/presets/examples/14.jsonc</file>
  
  
  
  <file>/usr/share/fastfetch/presets/examples/15.jsonc</file>
  
  
  
  <file>/usr/share/fastfetch/presets/examples/16.jsonc</file>
  
  
  
  <file>/usr/share/fastfetch/presets/examples/17.jsonc</file>
  
  
  
  <file>/usr/share/fastfetch/presets/examples/18.jsonc</file>
  
  
  
  <file>/usr/share/fastfetch/presets/examples/19.jsonc</file>
  
  
  
  <file>/usr/share/fastfetch/presets/examples/2.jsonc</file>
  
  
  
  <file>/usr/share/fastfetch/presets/examples/20.jsonc</file>
  
  
  
  <file>/usr/share/fastfetch/presets/examples/21.jsonc</file>
  
  
  
  <file>/usr/share/fastfetch/presets/examples/22.jsonc</file>
  
  
  
  <file>/usr/share/fastfetch/presets/examples/23.jsonc</file>
  
  
  
  <file>/usr/share/fastfetch/presets/examples/24.jsonc</file>
  
  
  
  <file>/usr/share/fastfetch/presets/examples/25.jsonc</file>
  
  
  
  <file>/usr/share/fastfetch/presets/examples/26.jsonc</file>
  
  
  
  <file>/usr/share/fastfetch/presets/examples/3.jsonc</file>
  
  
  
  <file>/usr/share/fastfetch/presets/examples/4.jsonc</file>
  
  
  
  <file>/usr/share/fastfetch/presets/examples/5.jsonc</file>
  
  
  
  <file>/usr/share/fastfetch/presets/examples/6.jsonc</file>
  
  
  
  <file>/usr/share/fastfetch/presets/examples/7.jsonc</file>
  
  
  
  <file>/usr/share/fastfetch/presets/examples/8.jsonc</file>
  
  
  
  <file>/usr/share/fastfetch/presets/examples/9.jsonc</file>
  
  
  
  <file>/usr/share/fastfetch/presets/neofetch.jsonc</file>
  
  
  
  <file>/usr/share/fastfetch/presets/paleofetch.jsonc</file>
  
  
  
  <file>/usr/share/fastfetch/presets/screenfetch.jsonc</file>
  
  
  
  <file type="dir">/usr/share/fish</file>
  
  
  
  <file type="dir">/usr/share/fish/vendor_completions.d</file>
  
  
  
  <file>/usr/share/fish/vendor_completions.d/fastfetch.fish</file>
  
  
  
  <file type="dir">/usr/share/licenses</file>
  
  
  
  <file type="dir">/usr/share/licenses/fastfetch</file>
  
  
  
  <file>/usr/share/licenses/fastfetch/LICENSE</file>
  
  
  
  <file type="dir">/usr/share/man</file>
  
  
  
  <file type="dir">/usr/share/man/man1</file>
  
  
  
  <file>/usr/share/man/man1/fastfetch.1.gz</file>
  
  
  
  <file type="dir">/usr/share/zsh</file>
  
  
  
  <file type="dir">/usr/share/zsh/site-functions</file>
  
  
  
  <file>/usr/share/zsh/site-functions/_fastfetch</file>
  
  
</package>

<package pkgid="9578dc2b4d1e60e72f6540f00dc4b83af4198ce6f44079880bed3be9f653d47b" name="fastfetch" arch="s390x">
  <version epoch="0" ver="2.40.3" rel="1"/>
  
  
  <file>/usr/bin/fastfetch</file>
  
  
  
  <file>/usr/bin/flashfetch</file>
  
  
  
  <file type="dir">/usr/lib/.build-id</file>
  
  
  
  <file type="dir">/usr/lib/.build-id/56</file>
  
  
  
  <file>/usr/lib/.build-id/56/125bd6084af714063cf40531fc6083596f0d7b</file>
  
  
  
  <file type="dir">/usr/lib/.build-id/f0</file>
  
  
  
  <file>/usr/lib/.build-id/f0/67e09d61ce522a0adeecd5c3f1d340b0415399</file>
  
  
  
  <file type="dir">/usr/share/bash-completion</file>
  
  
  
  <file type="dir">/usr/share/bash-completion/completions</file>
  
  
  
  <file>/usr/share/bash-completion/completions/fastfetch</file>
  
  
  
  <file type="dir">/usr/share/fastfetch</file>
  
  
  
  <file type="dir">/usr/share/fastfetch/presets</file>
  
  
  
  <file>/usr/share/fastfetch/presets/all.jsonc</file>
  
  
  
  <file>/usr/share/fastfetch/presets/archey.jsonc</file>
  
  
  
  <file>/usr/share/fastfetch/presets/ci.jsonc</file>
  
  
  
  <file type="dir">/usr/share/fastfetch/presets/examples</file>
  
  
  
  <file>/usr/share/fastfetch/presets/examples/10.jsonc</file>
  
  
  
  <file>/usr/share/fastfetch/presets/examples/11.jsonc</file>
  
  
  
  <file>/usr/share/fastfetch/presets/examples/12.jsonc</file>
  
  
  
  <file>/usr/share/fastfetch/presets/examples/13.jsonc</file>
  
  
  
  <file>/usr/share/fastfetch/presets/examples/14.jsonc</file>
  
  
  
  <file>/usr/share/fastfetch/presets/examples/15.jsonc</file>
  
  
  
  <file>/usr/share/fastfetch/presets/examples/16.jsonc</file>
  
  
  
  <file>/usr/share/fastfetch/presets/examples/17.jsonc</file>
  
  
  
  <file>/usr/share/fastfetch/presets/examples/18.jsonc</file>
  
  
  
  <file>/usr/share/fastfetch/presets/examples/19.jsonc</file>
  
  
  
  <file>/usr/share/fastfetch/presets/examples/2.jsonc</file>
  
  
  
  <file>/usr/share/fastfetch/presets/examples/20.jsonc</file>
  
  
  
  <file>/usr/share/fastfetch/presets/examples/21.jsonc</file>
  
  
  
  <file>/usr/share/fastfetch/presets/examples/22.jsonc</file>
  
  
  
  <file>/usr/share/fastfetch/presets/examples/23.jsonc</file>
  
  
  
  <file>/usr/share/fastfetch/presets/examples/24.jsonc</file>
  
  
  
  <file>/usr/share/fastfetch/presets/examples/25.jsonc</file>
  
  
  
  <file>/usr/share/fastfetch/presets/examples/26.jsonc</file>
  
  
  
  <file>/usr/share/fastfetch/presets/examples/3.jsonc</file>
  
  
  
  <file>/usr/share/fastfetch/presets/examples/4.jsonc</file>
  
  
  
  <file>/usr/share/fastfetch/presets/examples/5.jsonc</file>
  
  
  
  <file>/usr/share/fastfetch/presets/examples/6.jsonc</file>
  
  
  
  <file>/usr/share/fastfetch/presets/examples/7.jsonc</file>
  
  
  
  <file>/usr/share/fastfetch/presets/examples/8.jsonc</file>
  
  
  
  <file>/usr/share/fastfetch/presets/examples/9.jsonc</file>
  
  
  
  <file>/usr/share/fastfetch/presets/neofetch.jsonc</file>
  
  
  
  <file>/usr/share/fastfetch/presets/paleofetch.jsonc</file>
  
  
  
  <file>/usr/share/fastfetch/presets/screenfetch.jsonc</file>
  
  
  
  <file type="dir">/usr/share/fish</file>
  
  
  
  <file type="dir">/usr/share/fish/vendor_completions.d</file>
  
  
  
  <file>/usr/share/fish/vendor_completions.d/fastfetch.fish</file>
  
  
  
  <file type="dir">/usr/share/licenses</file>
  
  
  
  <file type="dir">/usr/share/licenses/fastfetch</file>
  
  
  
  <file>/usr/share/licenses/fastfetch/LICENSE</file>
  
  
  
  <file type="dir">/usr/share/man</file>
  
  
  
  <file type="dir">/usr/share/man/man1</file>
  
  
  
  <file>/usr/share/man/man1/fastfetch.1.gz</file>
  
  
  
  <file type="dir">/usr/share/zsh</file>
  
  
  
  <file type="dir">/usr/share/zsh/site-functions</file>
  
  
  
  <file>/usr/share/zsh/site-functions/_fastfetch</file>
  
  
</package>

<package pkgid="3c65954b1de511fa09166f46145c443e7859bc86b6972ea891b554c9677b8fa4" name="fastfetch" arch="riscv64">
  <version epoch="0" ver="2.40.3" rel="1"/>
  
  
  <file>/usr/bin/fastfetch</file>
  
  
  
  <file>/usr/bin/flashfetch</file>
  
  
  
  <file type="dir">/usr/lib/.build-id</file>
  
  
  
  <file type="dir">/usr/lib/.build-id/36</file>
  
  
  
  <file>/usr/lib/.build-id/36/95551ff8aa576d2906eaf8bbba46b8e3e07b57</file>
  
  
  
  <file type="dir">/usr/lib/.build-id/67</file>
  
  
  
  <file>/usr/lib/.build-id/67/ef22ead3f9aa2ad46f7abe090c24f0617e3285</file>
  
  
  
  <file type="dir">/usr/share/bash-completion</file>
  
  
  
  <file type="dir">/usr/share/bash-completion/completions</file>
  
  
  
  <file>/usr/share/bash-completion/completions/fastfetch</file>
  
  
  
  <file type="dir">/usr/share/fastfetch</file>
  
  
  
  <file type="dir">/usr/share/fastfetch/presets</file>
  
  
  
  <file>/usr/share/fastfetch/presets/all.jsonc</file>
  
  
  
  <file>/usr/share/fastfetch/presets/archey.jsonc</file>
  
  
  
  <file>/usr/share/fastfetch/presets/ci.jsonc</file>
  
  
  
  <file type="dir">/usr/share/fastfetch/presets/examples</file>
  
  
  
  <file>/usr/share/fastfetch/presets/examples/10.jsonc</file>
  
  
  
  <file>/usr/share/fastfetch/presets/examples/11.jsonc</file>
  
  
  
  <file>/usr/share/fastfetch/presets/examples/12.jsonc</file>
  
  
  
  <file>/usr/share/fastfetch/presets/examples/13.jsonc</file>
  
  
  
  <file>/usr/share/fastfetch/presets/examples/14.jsonc</file>
  
  
  
  <file>/usr/share/fastfetch/presets/examples/15.jsonc</file>
  
  
  
  <file>/usr/share/fastfetch/presets/examples/16.jsonc</file>
  
  
  
  <file>/usr/share/fastfetch/presets/examples/17.jsonc</file>
  
  
  
  <file>/usr/share/fastfetch/presets/examples/18.jsonc</file>
  
  
  
  <file>/usr/share/fastfetch/presets/examples/19.jsonc</file>
  
  
  
  <file>/usr/share/fastfetch/presets/examples/2.jsonc</file>
  
  
  
  <file>/usr/share/fastfetch/presets/examples/20.jsonc</file>
  
  
  
  <file>/usr/share/fastfetch/presets/examples/21.jsonc</file>
  
  
  
  <file>/usr/share/fastfetch/presets/examples/22.jsonc</file>
  
  
  
  <file>/usr/share/fastfetch/presets/examples/23.jsonc</file>
  
  
  
  <file>/usr/share/fastfetch/presets/examples/24.jsonc</file>
  
  
  
  <file>/usr/share/fastfetch/presets/examples/25.jsonc</file>
  
  
  
  <file>/usr/share/fastfetch/presets/examples/26.jsonc</file>
  
  
  
  <file>/usr/share/fastfetch/presets/examples/3.jsonc</file>
  
  
  
  <file>/usr/share/fastfetch/presets/examples/4.jsonc</file>
  
  
  
  <file>/usr/share/fastfetch/presets/examples/5.jsonc</file>
  
  
  
  <file>/usr/share/fastfetch/presets/examples/6.jsonc</file>
  
  
  
  <file>/usr/share/fastfetch/presets/examples/7.jsonc</file>
  
  
  
  <file>/usr/share/fastfetch/presets/examples/8.jsonc</file>
  
  
  
  <file>/usr/share/fastfetch/presets/examples/9.jsonc</file>
  
  
  
  <file>/usr/share/fastfetch/presets/neofetch.jsonc</file>
  
  
  
  <file>/usr/share/fastfetch/presets/paleofetch.jsonc</file>
  
  
  
  <file>/usr/share/fastfetch/presets/screenfetch.jsonc</file>
  
  
  
  <file type="dir">/usr/share/fish</file>
  
  
  
  <file type="dir">/usr/share/fish/vendor_completions.d</file>
  
  
  
  <file>/usr/share/fish/vendor_completions.d/fastfetch.fish</file>
  
  
  
  <file type="dir">/usr/share/licenses</file>
  
  
  
  <file type="dir">/usr/share/licenses/fastfetch</file>
  
  
  
  <file>/usr/share/licenses/fastfetch/LICENSE</file>
  
  
  
  <file type="dir">/usr/share/man</file>
  
  
  
  <file type="dir">/usr/share/man/man1</file>
  
  
  
  <file>/usr/share/man/man1/fastfetch.1.gz</file>
  
  
  
  <file type="dir">/usr/share/zsh</file>
  
  
  
  <file type="dir">/usr/share/zsh/site-functions</file>
  
  
  
  <file>/usr/share/zsh/site-functions/_fastfetch</file>
  
  
</package>

</filelists>
