---
source: src/rpm/parser.rs
expression: parsed
---
RPM {
    name: "openbangla-keyboard",
    epoch: 0,
    version: "2.0.0",
    release: "1.fc38",
    arch: "x86_64",
    vendor: "OpenBangla Team",
    url: "https://openbangla.github.io/",
    license: "GPLv3",
    summary: "OpenSource Bengali input method",
    description: "OpenBangla Keyboard is an OpenSource, Unicode compliant Bengali Input Method for GNU/Linux systems. It's a full fledged Bengali input method with typing automation tools, includes many famous typing methods such as Avro Phonetic, Probhat, Munir Optima, National (Jatiya) etc.\n\nMost of the features of Avro Keyboard are present in OpenBangla Keyboard. So Avro Keyboard users will feel at home with OpenBangla Keyboard in Linux.",
    group: "unknown",
    build_time: 1684606381,
    build_host: "3aebfc71f602",
    source: "openbangla-keyboard-2.0.0-1.fc38.src.rpm",
    provides: [
        Dependency {
            dependency: "application()",
            version: "",
            condition: "",
        },
        Dependency {
            dependency: "application(openbangla-keyboard.desktop)",
            version: "",
            condition: "",
        },
        Dependency {
            dependency: "config(openbangla-keyboard)",
            version: "2.0.0-1.fc38",
            condition: "EQ",
        },
        Dependency {
            dependency: "metainfo()",
            version: "",
            condition: "",
        },
        Dependency {
            dependency: "metainfo(io.github.openbangla.keyboard.metainfo.xml)",
            version: "",
            condition: "",
        },
        Dependency {
            dependency: "openbangla-keyboard",
            version: "2.0.0-1.fc38",
            condition: "EQ",
        },
        Dependency {
            dependency: "openbangla-keyboard(x86-64)",
            version: "2.0.0-1.fc38",
            condition: "EQ",
        },
    ],
    requires: [
        Dependency {
            dependency: "ibus",
            version: "1.5.1",
            condition: "GE",
        },
        Dependency {
            dependency: "ibus-libs",
            version: "1.5.1",
            condition: "GE",
        },
        Dependency {
            dependency: "ld-linux-x86-64.so.2()(64bit)",
            version: "",
            condition: "",
        },
        Dependency {
            dependency: "ld-linux-x86-64.so.2(GLIBC_2.3)(64bit)",
            version: "",
            condition: "",
        },
        Dependency {
            dependency: "libQt5Core.so.5()(64bit)",
            version: "",
            condition: "",
        },
        Dependency {
            dependency: "libQt5Core.so.5(Qt_5)(64bit)",
            version: "",
            condition: "",
        },
        Dependency {
            dependency: "libQt5Core.so.5(Qt_5.15)(64bit)",
            version: "",
            condition: "",
        },
        Dependency {
            dependency: "libQt5Gui.so.5()(64bit)",
            version: "",
            condition: "",
        },
        Dependency {
            dependency: "libQt5Gui.so.5(Qt_5)(64bit)",
            version: "",
            condition: "",
        },
        Dependency {
            dependency: "libQt5Network.so.5()(64bit)",
            version: "",
            condition: "",
        },
        Dependency {
            dependency: "libQt5Network.so.5(Qt_5)(64bit)",
            version: "",
            condition: "",
        },
        Dependency {
            dependency: "libQt5Widgets.so.5()(64bit)",
            version: "",
            condition: "",
        },
        Dependency {
            dependency: "libQt5Widgets.so.5(Qt_5)(64bit)",
            version: "",
            condition: "",
        },
        Dependency {
            dependency: "libc.so.6()(64bit)",
            version: "",
            condition: "",
        },
        Dependency {
            dependency: "libc.so.6(GLIBC_2.10)(64bit)",
            version: "",
            condition: "",
        },
        Dependency {
            dependency: "libc.so.6(GLIBC_2.14)(64bit)",
            version: "",
            condition: "",
        },
        Dependency {
            dependency: "libc.so.6(GLIBC_2.15)(64bit)",
            version: "",
            condition: "",
        },
        Dependency {
            dependency: "libc.so.6(GLIBC_2.17)(64bit)",
            version: "",
            condition: "",
        },
        Dependency {
            dependency: "libc.so.6(GLIBC_2.18)(64bit)",
            version: "",
            condition: "",
        },
        Dependency {
            dependency: "libc.so.6(GLIBC_2.2.5)(64bit)",
            version: "",
            condition: "",
        },
        Dependency {
            dependency: "libc.so.6(GLIBC_2.25)(64bit)",
            version: "",
            condition: "",
        },
        Dependency {
            dependency: "libc.so.6(GLIBC_2.27)(64bit)",
            version: "",
            condition: "",
        },
        Dependency {
            dependency: "libc.so.6(GLIBC_2.28)(64bit)",
            version: "",
            condition: "",
        },
        Dependency {
            dependency: "libc.so.6(GLIBC_2.29)(64bit)",
            version: "",
            condition: "",
        },
        Dependency {
            dependency: "libc.so.6(GLIBC_2.3)(64bit)",
            version: "",
            condition: "",
        },
        Dependency {
            dependency: "libc.so.6(GLIBC_2.3.4)(64bit)",
            version: "",
            condition: "",
        },
        Dependency {
            dependency: "libc.so.6(GLIBC_2.32)(64bit)",
            version: "",
            condition: "",
        },
        Dependency {
            dependency: "libc.so.6(GLIBC_2.33)(64bit)",
            version: "",
            condition: "",
        },
        Dependency {
            dependency: "libc.so.6(GLIBC_2.34)(64bit)",
            version: "",
            condition: "",
        },
        Dependency {
            dependency: "libc.so.6(GLIBC_2.4)(64bit)",
            version: "",
            condition: "",
        },
        Dependency {
            dependency: "libc.so.6(GLIBC_2.5)(64bit)",
            version: "",
            condition: "",
        },
        Dependency {
            dependency: "libc.so.6(GLIBC_2.6)(64bit)",
            version: "",
            condition: "",
        },
        Dependency {
            dependency: "libc.so.6(GLIBC_2.9)(64bit)",
            version: "",
            condition: "",
        },
        Dependency {
            dependency: "libgcc_s.so.1()(64bit)",
            version: "",
            condition: "",
        },
        Dependency {
            dependency: "libgcc_s.so.1(GCC_3.0)(64bit)",
            version: "",
            condition: "",
        },
        Dependency {
            dependency: "libgcc_s.so.1(GCC_3.3)(64bit)",
            version: "",
            condition: "",
        },
        Dependency {
            dependency: "libgcc_s.so.1(GCC_4.2.0)(64bit)",
            version: "",
            condition: "",
        },
        Dependency {
            dependency: "libgio-2.0.so.0()(64bit)",
            version: "",
            condition: "",
        },
        Dependency {
            dependency: "libglib-2.0.so.0()(64bit)",
            version: "",
            condition: "",
        },
        Dependency {
            dependency: "libgobject-2.0.so.0()(64bit)",
            version: "",
            condition: "",
        },
        Dependency {
            dependency: "libibus-1.0.so.5()(64bit)",
            version: "",
            condition: "",
        },
        Dependency {
            dependency: "libm.so.6()(64bit)",
            version: "",
            condition: "",
        },
        Dependency {
            dependency: "libm.so.6(GLIBC_2.2.5)(64bit)",
            version: "",
            condition: "",
        },
        Dependency {
            dependency: "libstdc++.so.6()(64bit)",
            version: "",
            condition: "",
        },
        Dependency {
            dependency: "libstdc++.so.6(CXXABI_1.3)(64bit)",
            version: "",
            condition: "",
        },
        Dependency {
            dependency: "libstdc++.so.6(CXXABI_1.3.1)(64bit)",
            version: "",
            condition: "",
        },
        Dependency {
            dependency: "libstdc++.so.6(GLIBCXX_3.4)(64bit)",
            version: "",
            condition: "",
        },
        Dependency {
            dependency: "libstdc++.so.6(GLIBCXX_3.4.21)(64bit)",
            version: "",
            condition: "",
        },
        Dependency {
            dependency: "libzstd",
            version: "1.3.3",
            condition: "GE",
        },
        Dependency {
            dependency: "libzstd.so.1()(64bit)",
            version: "",
            condition: "",
        },
        Dependency {
            dependency: "qt5-qtbase",
            version: "5.9.0",
            condition: "GE",
        },
        Dependency {
            dependency: "rtld(GNU_HASH)",
            version: "",
            condition: "",
        },
    ],
    sha256: "e3b0c44298fc1c149afbf4c8996fb92427ae41e4649b934ca495991b7852b855",
    header_start: 4504,
    header_end: 14821,
    files: [
        File {
            path: "/usr/lib/.build-id",
            dir: true,
        },
        File {
            path: "/usr/lib/.build-id/45",
            dir: true,
        },
        File {
            path: "/usr/lib/.build-id/45/4f3de1c02f67096ca79f7edb9030f7b1b4d015",
            dir: false,
        },
        File {
            path: "/usr/lib/.build-id/b2",
            dir: true,
        },
        File {
            path: "/usr/lib/.build-id/b2/1aa073a506f8b918fda931c8d12912b5d164be",
            dir: false,
        },
        File {
            path: "/usr/share/applications/openbangla-keyboard.desktop",
            dir: false,
        },
        File {
            path: "/usr/share/ibus/component/openbangla.xml",
            dir: false,
        },
        File {
            path: "/usr/share/icons/hicolor/1024x1024/apps/openbangla-keyboard.png",
            dir: false,
        },
        File {
            path: "/usr/share/icons/hicolor/128x128/apps/openbangla-keyboard.png",
            dir: false,
        },
        File {
            path: "/usr/share/icons/hicolor/16x16/apps/openbangla-keyboard.png",
            dir: false,
        },
        File {
            path: "/usr/share/icons/hicolor/32x32/apps/openbangla-keyboard.png",
            dir: false,
        },
        File {
            path: "/usr/share/icons/hicolor/48x48/apps/openbangla-keyboard.png",
            dir: false,
        },
        File {
            path: "/usr/share/icons/hicolor/512x512/apps/openbangla-keyboard.png",
            dir: false,
        },
        File {
            path: "/usr/share/metainfo/io.github.openbangla.keyboard.metainfo.xml",
            dir: false,
        },
        File {
            path: "/usr/share/openbangla-keyboard",
            dir: true,
        },
        File {
            path: "/usr/share/openbangla-keyboard/data",
            dir: true,
        },
        File {
            path: "/usr/share/openbangla-keyboard/data/autocorrect.json",
            dir: false,
        },
        File {
            path: "/usr/share/openbangla-keyboard/data/dictionary.json",
            dir: false,
        },
        File {
            path: "/usr/share/openbangla-keyboard/data/regex.json",
            dir: false,
        },
        File {
            path: "/usr/share/openbangla-keyboard/data/suffix.json",
            dir: false,
        },
        File {
            path: "/usr/share/openbangla-keyboard/ibus-openbangla",
            dir: false,
        },
        File {
            path: "/usr/share/openbangla-keyboard/icons",
            dir: true,
        },
        File {
            path: "/usr/share/openbangla-keyboard/icons/OpenBangla-Keyboard.png",
            dir: false,
        },
        File {
            path: "/usr/share/openbangla-keyboard/layouts",
            dir: true,
        },
        File {
            path: "/usr/share/openbangla-keyboard/layouts/Avro_Easy.json",
            dir: false,
        },
        File {
            path: "/usr/share/openbangla-keyboard/layouts/Borno.json",
            dir: false,
        },
        File {
            path: "/usr/share/openbangla-keyboard/layouts/Munir_Optima.json",
            dir: false,
        },
        File {
            path: "/usr/share/openbangla-keyboard/layouts/National_Jatiya.json",
            dir: false,
        },
        File {
            path: "/usr/share/openbangla-keyboard/layouts/Probhat.json",
            dir: false,
        },
        File {
            path: "/usr/share/openbangla-keyboard/layouts/avrophonetic.json",
            dir: false,
        },
        File {
            path: "/usr/share/openbangla-keyboard/openbangla-gui",
            dir: false,
        },
        File {
            path: "/usr/share/pixmaps/openbangla-keyboard.png",
            dir: false,
        },
    ],
    pkg_size: 4615096,
    installed_size: 12106690,
    archive_size: 12112024,
}
