---
source: src/apt/index.rs
expression: release
---
Origin: . stable
Label: . stable
Suite: stable
Codename: stable
Date: [DATE]
Architectures: amd64
Components: main
Description: Generated by packhub
MD5Sum:
 a02badd6380bdc6ca1f6b747dcac11fa     1370      main/binary-amd64/Packages
 cbe3565711f1cea241b57936acbdfded     826      main/binary-amd64/Packages.gz
SHA1:
 7e57c72464747a223dc17ee76b664d094850d272     1370      main/binary-amd64/Packages
 76ca3e6f71d575edaf342e5ac196f1fdabab5b60     826      main/binary-amd64/Packages.gz
SHA256:
 b2e28c3ad1fd12da50d1089ec23629cf41912dacbe4cbcd33ebeaf5708299494     1370      main/binary-amd64/Packages
 113b036691e6179ee1c111b845af0b3de5a6f9477c78aaee76c77f87a36bbcad     826      main/binary-amd64/Packages.gz
SHA512:
 262fdcd0eee8211851482405521265967f1177150a2fdd2972e96896d3d3e7ea6480d23e11aeefb416a058fb8196f968fdc0fe64052cfe0d8b0bd6f3a052a07f     1370      main/binary-amd64/Packages
 adc43d35e14801290a80db6c589d5573b5e68fb311b609b52094c7a928e57f2fd4d05bf58f87273cf80f84d6dde573b21555cf44b76184f487cccf6e9daef52c     826      main/binary-amd64/Packages.gz
