---
source: src/index.rs
expression: release
---
Origin: openbangla-keyboard
Label: openbangla-keyboard
Suite: stable
Codename: stable
Date: [DATE]
Architectures: amd64
Components: main
Description: Generated by packhub
SHA256:
d93bfeeb55f3ddfd3f2eb63dd449387e1602fdba9f69d5c4e8a95d7bc7ac243b     1143      main/binary-amd64/Packages
ea47a3b3f9c4f975a30f321950f7004f47abd98ca943742e29fa8e62e6e7875a     670      main/binary-amd64/Packages.gz
